#! /c/Source/iverilog-install/bin/vvp
:ivl_version "12.0 (devel)" "(s20150603-1110-g18392a46)";
:ivl_delay_selection "TYPICAL";
:vpi_time_precision + 0;
:vpi_module "D:\iverilog\lib\ivl\system.vpi";
:vpi_module "D:\iverilog\lib\ivl\vhdl_sys.vpi";
:vpi_module "D:\iverilog\lib\ivl\vhdl_textio.vpi";
:vpi_module "D:\iverilog\lib\ivl\v2005_math.vpi";
:vpi_module "D:\iverilog\lib\ivl\va_math.vpi";
S_00000133a8842df0 .scope module, "antirrebote" "antirrebote" 2 1;
 .timescale 0 0;
    .port_info 0 /INPUT 1 "clk";
    .port_info 1 /INPUT 1 "boton_in";
    .port_info 2 /OUTPUT 1 "boton_out";
o00000133a8876f98 .functor BUFZ 1, C4<z>; HiZ drive
v00000133a8842f80_0 .net "boton_in", 0 0, o00000133a8876f98;  0 drivers
v00000133a87bee50_0 .var "boton_out", 0 0;
o00000133a8876ff8 .functor BUFZ 1, C4<z>; HiZ drive
v00000133a87beef0_0 .net "clk", 0 0, o00000133a8876ff8;  0 drivers
v00000133a8843020_0 .var "contador", 2 0;
v00000133a88430c0_0 .var "estado_actual", 0 0;
E_00000133a87bd4c0 .event posedge, v00000133a87beef0_0;
    .scope S_00000133a8842df0;
T_0 ;
    %pushi/vec4 0, 0, 3;
    %store/vec4 v00000133a8843020_0, 0, 3;
    %pushi/vec4 0, 0, 1;
    %store/vec4 v00000133a88430c0_0, 0, 1;
    %end;
    .thread T_0;
    .scope S_00000133a8842df0;
T_1 ;
    %pushi/vec4 0, 0, 1;
    %store/vec4 v00000133a87bee50_0, 0, 1;
    %end;
    .thread T_1;
    .scope S_00000133a8842df0;
T_2 ;
    %wait E_00000133a87bd4c0;
    %load/vec4 v00000133a8842f80_0;
    %load/vec4 v00000133a88430c0_0;
    %cmp/ne;
    %jmp/0xz  T_2.0, 4;
    %load/vec4 v00000133a8843020_0;
    %addi 1, 0, 3;
    %assign/vec4 v00000133a8843020_0, 0;
    %load/vec4 v00000133a8843020_0;
    %cmpi/e 7, 0, 3;
    %jmp/0xz  T_2.2, 4;
    %load/vec4 v00000133a8842f80_0;
    %assign/vec4 v00000133a88430c0_0, 0;
    %load/vec4 v00000133a8842f80_0;
    %assign/vec4 v00000133a87bee50_0, 0;
    %pushi/vec4 0, 0, 3;
    %assign/vec4 v00000133a8843020_0, 0;
T_2.2 ;
    %jmp T_2.1;
T_2.0 ;
    %pushi/vec4 0, 0, 3;
    %assign/vec4 v00000133a8843020_0, 0;
T_2.1 ;
    %jmp T_2;
    .thread T_2;
# The file index is used to find the file name in the following table.
:file_names 3;
    "N/A";
    "<interactive>";
    "antirrebote.v";
