#! /c/Source/iverilog-install/bin/vvp
:ivl_version "12.0 (devel)" "(s20150603-1110-g18392a46)";
:ivl_delay_selection "TYPICAL";
:vpi_time_precision + 0;
:vpi_module "D:\Universidad\Icarus\iverilog\lib\ivl\system.vpi";
:vpi_module "D:\Universidad\Icarus\iverilog\lib\ivl\vhdl_sys.vpi";
:vpi_module "D:\Universidad\Icarus\iverilog\lib\ivl\vhdl_textio.vpi";
:vpi_module "D:\Universidad\Icarus\iverilog\lib\ivl\v2005_math.vpi";
:vpi_module "D:\Universidad\Icarus\iverilog\lib\ivl\va_math.vpi";
S_0000025906258fa0 .scope module, "sumadorTB" "sumadorTB" 2 4;
 .timescale 0 0;
v00000259062b5410_0 .var "A_tb", 3 0;
v00000259062b5d70_0 .var "B_tb", 3 0;
v00000259062b4a10_0 .net "Co_tb", 0 0, L_00000259062ba700;  1 drivers
v00000259062b4dd0_0 .net "S_tb", 3 0, L_00000259062b5ff0;  1 drivers
v00000259062b66d0_0 .var/i "i", 31 0;
v00000259062b5870_0 .var/i "j", 31 0;
v00000259062b5f50_0 .var/i "k", 31 0;
v00000259062b50f0_0 .var "sel_tb", 0 0;
S_0000025906259130 .scope module, "uut" "restador_4" 2 18, 3 4 0, S_0000025906258fa0;
 .timescale 0 0;
    .port_info 0 /INPUT 4 "A_su";
    .port_info 1 /INPUT 4 "B_su";
    .port_info 2 /INPUT 1 "sel";
    .port_info 3 /OUTPUT 4 "S_su";
    .port_info 4 /OUTPUT 1 "Co_su";
L_0000025906253c50 .functor XOR 1, L_00000259062b4e70, v00000259062b50f0_0, C4<0>, C4<0>;
L_0000025906253e80 .functor XOR 1, L_00000259062b5af0, v00000259062b50f0_0, C4<0>, C4<0>;
L_00000259062536a0 .functor XOR 1, L_00000259062b6770, v00000259062b50f0_0, C4<0>, C4<0>;
L_0000025906253630 .functor XOR 1, L_00000259062b4b50, v00000259062b50f0_0, C4<0>, C4<0>;
v00000259062b6130_0 .net "A_su", 3 0, v00000259062b5410_0;  1 drivers
v00000259062b6090_0 .net "B_su", 3 0, v00000259062b5d70_0;  1 drivers
v00000259062b5b90_0 .net "B_xor", 3 0, L_00000259062b4f10;  1 drivers
v00000259062b64f0_0 .net "Co_su", 0 0, L_00000259062ba700;  alias, 1 drivers
v00000259062b5cd0_0 .net "S_su", 3 0, L_00000259062b5ff0;  alias, 1 drivers
v00000259062b4970_0 .net *"_ivl_1", 0 0, L_0000025906253c50;  1 drivers
v00000259062b6590_0 .net *"_ivl_11", 0 0, L_00000259062536a0;  1 drivers
v00000259062b57d0_0 .net *"_ivl_14", 0 0, L_00000259062b6770;  1 drivers
v00000259062b6450_0 .net *"_ivl_16", 0 0, L_0000025906253630;  1 drivers
v00000259062b5910_0 .net *"_ivl_20", 0 0, L_00000259062b4b50;  1 drivers
v00000259062b63b0_0 .net *"_ivl_4", 0 0, L_00000259062b4e70;  1 drivers
v00000259062b4ab0_0 .net *"_ivl_6", 0 0, L_0000025906253e80;  1 drivers
v00000259062b6810_0 .net *"_ivl_9", 0 0, L_00000259062b5af0;  1 drivers
v00000259062b5eb0_0 .net "c1", 0 0, L_00000259062530f0;  1 drivers
v00000259062b6630_0 .net "c2", 0 0, L_0000025906253240;  1 drivers
v00000259062b59b0_0 .net "c3", 0 0, L_0000025906253400;  1 drivers
v00000259062b5a50_0 .net "sel", 0 0, v00000259062b50f0_0;  1 drivers
L_00000259062b4e70 .part v00000259062b5d70_0, 0, 1;
L_00000259062b5af0 .part v00000259062b5d70_0, 1, 1;
L_00000259062b6770 .part v00000259062b5d70_0, 2, 1;
L_00000259062b4f10 .concat8 [ 1 1 1 1], L_0000025906253c50, L_0000025906253e80, L_00000259062536a0, L_0000025906253630;
L_00000259062b4b50 .part v00000259062b5d70_0, 3, 1;
L_00000259062b4bf0 .part v00000259062b5410_0, 0, 1;
L_00000259062b4c90 .part L_00000259062b4f10, 0, 1;
L_00000259062b4d30 .part v00000259062b5410_0, 1, 1;
L_00000259062b4fb0 .part L_00000259062b4f10, 1, 1;
L_00000259062b5050 .part v00000259062b5410_0, 2, 1;
L_00000259062b5190 .part L_00000259062b4f10, 2, 1;
L_00000259062b5230 .part v00000259062b5410_0, 3, 1;
L_00000259062b5e10 .part L_00000259062b4f10, 3, 1;
L_00000259062b5ff0 .concat8 [ 1 1 1 1], L_0000025906253710, L_0000025906253d30, L_00000259062532b0, L_0000025906253860;
S_00000259062592c0 .scope module, "sum_1" "sumador1b" 3 25, 4 1 0, S_0000025906259130;
 .timescale 0 0;
    .port_info 0 /INPUT 1 "A";
    .port_info 1 /INPUT 1 "B";
    .port_info 2 /INPUT 1 "Ci";
    .port_info 3 /OUTPUT 1 "S";
    .port_info 4 /OUTPUT 1 "Co";
L_0000025906253cc0 .functor XOR 1, L_00000259062b4c90, v00000259062b50f0_0, C4<0>, C4<0>;
L_0000025906253710 .functor XOR 1, L_00000259062b4bf0, L_0000025906253cc0, C4<0>, C4<0>;
L_0000025906253be0 .functor OR 1, L_00000259062b4bf0, v00000259062b50f0_0, C4<0>, C4<0>;
L_0000025906253f60 .functor AND 1, L_00000259062b4c90, L_0000025906253be0, C4<1>, C4<1>;
L_0000025906253b70 .functor AND 1, L_00000259062b4bf0, v00000259062b50f0_0, C4<1>, C4<1>;
L_00000259062530f0 .functor OR 1, L_0000025906253f60, L_0000025906253b70, C4<0>, C4<0>;
v0000025906250570_0 .net "A", 0 0, L_00000259062b4bf0;  1 drivers
v0000025906250610_0 .net "B", 0 0, L_00000259062b4c90;  1 drivers
v0000025906251010_0 .net "Ci", 0 0, v00000259062b50f0_0;  alias, 1 drivers
v000002590624f990_0 .net "Co", 0 0, L_00000259062530f0;  alias, 1 drivers
v0000025906250bb0_0 .net "S", 0 0, L_0000025906253710;  1 drivers
v000002590624fad0_0 .net *"_ivl_0", 0 0, L_0000025906253cc0;  1 drivers
v000002590624fa30_0 .net *"_ivl_4", 0 0, L_0000025906253be0;  1 drivers
v000002590624f850_0 .net *"_ivl_6", 0 0, L_0000025906253f60;  1 drivers
v000002590624f8f0_0 .net *"_ivl_8", 0 0, L_0000025906253b70;  1 drivers
S_0000025906222d60 .scope module, "sum_2" "sumador1b" 3 34, 4 1 0, S_0000025906259130;
 .timescale 0 0;
    .port_info 0 /INPUT 1 "A";
    .port_info 1 /INPUT 1 "B";
    .port_info 2 /INPUT 1 "Ci";
    .port_info 3 /OUTPUT 1 "S";
    .port_info 4 /OUTPUT 1 "Co";
L_0000025906253160 .functor XOR 1, L_00000259062b4fb0, L_00000259062530f0, C4<0>, C4<0>;
L_0000025906253d30 .functor XOR 1, L_00000259062b4d30, L_0000025906253160, C4<0>, C4<0>;
L_0000025906253e10 .functor OR 1, L_00000259062b4d30, L_00000259062530f0, C4<0>, C4<0>;
L_00000259062539b0 .functor AND 1, L_00000259062b4fb0, L_0000025906253e10, C4<1>, C4<1>;
L_00000259062531d0 .functor AND 1, L_00000259062b4d30, L_00000259062530f0, C4<1>, C4<1>;
L_0000025906253240 .functor OR 1, L_00000259062539b0, L_00000259062531d0, C4<0>, C4<0>;
v000002590624fb70_0 .net "A", 0 0, L_00000259062b4d30;  1 drivers
v0000025906251510_0 .net "B", 0 0, L_00000259062b4fb0;  1 drivers
v0000025906250930_0 .net "Ci", 0 0, L_00000259062530f0;  alias, 1 drivers
v0000025906251150_0 .net "Co", 0 0, L_0000025906253240;  alias, 1 drivers
v0000025906250c50_0 .net "S", 0 0, L_0000025906253d30;  1 drivers
v00000259062507f0_0 .net *"_ivl_0", 0 0, L_0000025906253160;  1 drivers
v0000025906250f70_0 .net *"_ivl_4", 0 0, L_0000025906253e10;  1 drivers
v00000259062506b0_0 .net *"_ivl_6", 0 0, L_00000259062539b0;  1 drivers
v000002590624fe90_0 .net *"_ivl_8", 0 0, L_00000259062531d0;  1 drivers
S_0000025906222ef0 .scope module, "sum_3" "sumador1b" 3 43, 4 1 0, S_0000025906259130;
 .timescale 0 0;
    .port_info 0 /INPUT 1 "A";
    .port_info 1 /INPUT 1 "B";
    .port_info 2 /INPUT 1 "Ci";
    .port_info 3 /OUTPUT 1 "S";
    .port_info 4 /OUTPUT 1 "Co";
L_0000025906253550 .functor XOR 1, L_00000259062b5190, L_0000025906253240, C4<0>, C4<0>;
L_00000259062532b0 .functor XOR 1, L_00000259062b5050, L_0000025906253550, C4<0>, C4<0>;
L_0000025906253320 .functor OR 1, L_00000259062b5050, L_0000025906253240, C4<0>, C4<0>;
L_00000259062537f0 .functor AND 1, L_00000259062b5190, L_0000025906253320, C4<1>, C4<1>;
L_0000025906253390 .functor AND 1, L_00000259062b5050, L_0000025906253240, C4<1>, C4<1>;
L_0000025906253400 .functor OR 1, L_00000259062537f0, L_0000025906253390, C4<0>, C4<0>;
v0000025906250750_0 .net "A", 0 0, L_00000259062b5050;  1 drivers
v0000025906251330_0 .net "B", 0 0, L_00000259062b5190;  1 drivers
v0000025906250890_0 .net "Ci", 0 0, L_0000025906253240;  alias, 1 drivers
v00000259062515b0_0 .net "Co", 0 0, L_0000025906253400;  alias, 1 drivers
v00000259062509d0_0 .net "S", 0 0, L_00000259062532b0;  1 drivers
v0000025906250a70_0 .net *"_ivl_0", 0 0, L_0000025906253550;  1 drivers
v000002590624fc10_0 .net *"_ivl_4", 0 0, L_0000025906253320;  1 drivers
v0000025906251470_0 .net *"_ivl_6", 0 0, L_00000259062537f0;  1 drivers
v0000025906250070_0 .net *"_ivl_8", 0 0, L_0000025906253390;  1 drivers
S_0000025906223080 .scope module, "sum_4" "sumador1b" 3 52, 4 1 0, S_0000025906259130;
 .timescale 0 0;
    .port_info 0 /INPUT 1 "A";
    .port_info 1 /INPUT 1 "B";
    .port_info 2 /INPUT 1 "Ci";
    .port_info 3 /OUTPUT 1 "S";
    .port_info 4 /OUTPUT 1 "Co";
L_0000025906253470 .functor XOR 1, L_00000259062b5e10, L_0000025906253400, C4<0>, C4<0>;
L_0000025906253860 .functor XOR 1, L_00000259062b5230, L_0000025906253470, C4<0>, C4<0>;
L_0000025906253a90 .functor OR 1, L_00000259062b5230, L_0000025906253400, C4<0>, C4<0>;
L_0000025906253940 .functor AND 1, L_00000259062b5e10, L_0000025906253a90, C4<1>, C4<1>;
L_0000025906253b00 .functor AND 1, L_00000259062b5230, L_0000025906253400, C4<1>, C4<1>;
L_00000259062ba700 .functor OR 1, L_0000025906253940, L_0000025906253b00, C4<0>, C4<0>;
v00000259062513d0_0 .net "A", 0 0, L_00000259062b5230;  1 drivers
v0000025906250b10_0 .net "B", 0 0, L_00000259062b5e10;  1 drivers
v000002590624fcb0_0 .net "Ci", 0 0, L_0000025906253400;  alias, 1 drivers
v0000025906251650_0 .net "Co", 0 0, L_00000259062ba700;  alias, 1 drivers
v00000259062516f0_0 .net "S", 0 0, L_0000025906253860;  1 drivers
v000002590624ff30_0 .net *"_ivl_0", 0 0, L_0000025906253470;  1 drivers
v0000025906250110_0 .net *"_ivl_4", 0 0, L_0000025906253a90;  1 drivers
v000002590624b7d0_0 .net *"_ivl_6", 0 0, L_0000025906253940;  1 drivers
v000002590624ba50_0 .net *"_ivl_8", 0 0, L_0000025906253b00;  1 drivers
    .scope S_0000025906258fa0;
T_0 ;
    %vpi_call 2 32 "$dumpfile", "simulacion_tb.vcd" {0 0 0};
    %vpi_call 2 33 "$dumpvars", 32'sb11111111111111111111111111111111, S_0000025906259130 {0 0 0};
    %pushi/vec4 0, 0, 32;
    %store/vec4 v00000259062b66d0_0, 0, 32;
T_0.0 ;
    %load/vec4 v00000259062b66d0_0;
    %cmpi/s 16, 0, 32;
    %jmp/0xz T_0.1, 5;
    %pushi/vec4 0, 0, 32;
    %store/vec4 v00000259062b5870_0, 0, 32;
T_0.2 ;
    %load/vec4 v00000259062b5870_0;
    %cmpi/s 16, 0, 32;
    %jmp/0xz T_0.3, 5;
    %pushi/vec4 0, 0, 32;
    %store/vec4 v00000259062b5f50_0, 0, 32;
T_0.4 ;
    %load/vec4 v00000259062b5f50_0;
    %cmpi/s 2, 0, 32;
    %jmp/0xz T_0.5, 5;
    %load/vec4 v00000259062b66d0_0;
    %pad/s 4;
    %store/vec4 v00000259062b5410_0, 0, 4;
    %load/vec4 v00000259062b5870_0;
    %pad/s 4;
    %store/vec4 v00000259062b5d70_0, 0, 4;
    %load/vec4 v00000259062b5f50_0;
    %pad/s 1;
    %store/vec4 v00000259062b50f0_0, 0, 1;
    %delay 5, 0;
    %load/vec4 v00000259062b5f50_0;
    %addi 1, 0, 32;
    %store/vec4 v00000259062b5f50_0, 0, 32;
    %jmp T_0.4;
T_0.5 ;
    %load/vec4 v00000259062b5870_0;
    %addi 1, 0, 32;
    %store/vec4 v00000259062b5870_0, 0, 32;
    %jmp T_0.2;
T_0.3 ;
    %load/vec4 v00000259062b66d0_0;
    %addi 1, 0, 32;
    %store/vec4 v00000259062b66d0_0, 0, 32;
    %jmp T_0.0;
T_0.1 ;
    %vpi_call 2 48 "$finish" {0 0 0};
    %end;
    .thread T_0;
# The file index is used to find the file name in the following table.
:file_names 5;
    "N/A";
    "<interactive>";
    "restador_4_bits_tb.v";
    "./restador_4_bits.v";
    "./sumador1b.v";
