#! /c/Source/iverilog-install/bin/vvp
:ivl_version "12.0 (devel)" "(s20150603-1110-g18392a46)";
:ivl_delay_selection "TYPICAL";
:vpi_time_precision + 0;
:vpi_module "D:\iverilog\lib\ivl\system.vpi";
:vpi_module "D:\iverilog\lib\ivl\vhdl_sys.vpi";
:vpi_module "D:\iverilog\lib\ivl\vhdl_textio.vpi";
:vpi_module "D:\iverilog\lib\ivl\v2005_math.vpi";
:vpi_module "D:\iverilog\lib\ivl\va_math.vpi";
S_000001ef81883030 .scope module, "multiplicador_tb" "multiplicador_tb" 2 4;
 .timescale 0 0;
v000001ef818e2690_0 .var "clk_tb", 0 0;
v000001ef818e2730_0 .net "display_des_tb", 6 0, v000001ef818855a0_0;  1 drivers
v000001ef818e1010_0 .net "display_uni_tb", 6 0, v000001ef81885960_0;  1 drivers
v000001ef818e1a10_0 .net "done_tb", 0 0, v000001ef818e22d0_0;  1 drivers
v000001ef818e10b0_0 .var/i "i", 31 0;
v000001ef818e2230_0 .var "init_tb", 0 0;
v000001ef818e29b0_0 .var/i "j", 31 0;
v000001ef818e1650_0 .var "md_tb", 2 0;
v000001ef818e2af0_0 .var "mr_tb", 2 0;
v000001ef818e16f0_0 .net "pp_tb", 5 0, v000001ef818e2910_0;  1 drivers
v000001ef818e2cd0_0 .var "rst_tb", 0 0;
E_000001ef81853320 .event anyedge, v000001ef818e22d0_0;
S_000001ef818864c0 .scope module, "uut" "multiplicador" 2 16, 3 8 0, S_000001ef81883030;
 .timescale 0 0;
    .port_info 0 /INPUT 1 "clk";
    .port_info 1 /INPUT 1 "rst";
    .port_info 2 /INPUT 1 "init";
    .port_info 3 /INPUT 3 "md";
    .port_info 4 /INPUT 3 "mr";
    .port_info 5 /OUTPUT 6 "pp";
    .port_info 6 /OUTPUT 1 "done";
    .port_info 7 /OUTPUT 7 "display_uni";
    .port_info 8 /OUTPUT 7 "display_des";
P_000001ef8184b8d0 .param/l "ADD" 0 3 25, C4<010>;
P_000001ef8184b908 .param/l "CHECK" 0 3 24, C4<001>;
P_000001ef8184b940 .param/l "END" 0 3 27, C4<100>;
P_000001ef8184b978 .param/l "SHIFT" 0 3 26, C4<011>;
P_000001ef8184b9b0 .param/l "START" 0 3 23, C4<000>;
v000001ef81885aa0_0 .net *"_ivl_3", 1 0, L_000001ef818e2b90;  1 drivers
L_000001ef81910088 .functor BUFT 1, C4<00>, C4<0>, C4<0>, C4<0>;
v000001ef818856e0_0 .net/2u *"_ivl_4", 1 0, L_000001ef81910088;  1 drivers
v000001ef81885b40_0 .var "a", 5 0;
v000001ef81885dc0_0 .var "add", 0 0;
v000001ef81886400_0 .var "b", 2 0;
v000001ef818e2370_0 .net "clk", 0 0, v000001ef818e2690_0;  1 drivers
v000001ef818e1330_0 .net "des", 3 0, v000001ef81885640_0;  1 drivers
v000001ef818e18d0_0 .net "display_des", 6 0, v000001ef818855a0_0;  alias, 1 drivers
v000001ef818e1290_0 .net "display_uni", 6 0, v000001ef81885960_0;  alias, 1 drivers
v000001ef818e22d0_0 .var "done", 0 0;
v000001ef818e15b0_0 .var "estado", 2 0;
v000001ef818e2870_0 .net "init", 0 0, v000001ef818e2230_0;  1 drivers
v000001ef818e27d0_0 .net "init_anti", 0 0, v000001ef81885820_0;  1 drivers
v000001ef818e25f0_0 .net "lsb_b", 0 0, L_000001ef818e1970;  1 drivers
v000001ef818e2a50_0 .net "md", 2 0, v000001ef818e1650_0;  1 drivers
v000001ef818e1470_0 .net "mr", 2 0, v000001ef818e2af0_0;  1 drivers
v000001ef818e2910_0 .var "pp", 5 0;
v000001ef818e13d0_0 .var "reset", 0 0;
v000001ef818e11f0_0 .net "rst", 0 0, v000001ef818e2cd0_0;  1 drivers
v000001ef818e2410_0 .net "rst_anti", 0 0, v000001ef818858c0_0;  1 drivers
v000001ef818e24b0_0 .var "sh", 0 0;
v000001ef818e2e10_0 .var "siguiente", 2 0;
v000001ef818e2eb0_0 .net "uni", 3 0, v000001ef81885c80_0;  1 drivers
v000001ef818e2550_0 .net "z", 0 0, L_000001ef818e1150;  1 drivers
E_000001ef81853360 .event anyedge, v000001ef818e15b0_0;
E_000001ef81853420 .event anyedge, v000001ef818e15b0_0, v000001ef81885be0_0, v000001ef818e25f0_0, v000001ef818e2550_0;
E_000001ef818630b0 .event posedge, v000001ef81885f00_0, v000001ef81886040_0;
L_000001ef818e1970 .part v000001ef81886400_0, 0, 1;
L_000001ef818e2b90 .part v000001ef81886400_0, 1, 2;
L_000001ef818e1150 .cmp/eq 2, L_000001ef818e2b90, L_000001ef81910088;
S_000001ef81886650 .scope module, "anti_1" "antirrebote" 3 149, 4 1 0, S_000001ef818864c0;
 .timescale 0 0;
    .port_info 0 /INPUT 1 "clk";
    .port_info 1 /INPUT 1 "boton_in";
    .port_info 2 /OUTPUT 1 "boton_out";
v000001ef81885f00_0 .net "boton_in", 0 0, v000001ef818e2cd0_0;  alias, 1 drivers
v000001ef818858c0_0 .var "boton_out", 0 0;
v000001ef81886040_0 .net "clk", 0 0, v000001ef818e2690_0;  alias, 1 drivers
v000001ef818860e0_0 .var "contador", 2 0;
v000001ef818862c0_0 .var "estado_actual", 0 0;
E_000001ef81862ef0 .event posedge, v000001ef81886040_0;
S_000001ef81873b80 .scope module, "anti_2" "antirrebote" 3 156, 4 1 0, S_000001ef818864c0;
 .timescale 0 0;
    .port_info 0 /INPUT 1 "clk";
    .port_info 1 /INPUT 1 "boton_in";
    .port_info 2 /OUTPUT 1 "boton_out";
v000001ef81885be0_0 .net "boton_in", 0 0, v000001ef818e2230_0;  alias, 1 drivers
v000001ef81885820_0 .var "boton_out", 0 0;
v000001ef81885780_0 .net "clk", 0 0, v000001ef818e2690_0;  alias, 1 drivers
v000001ef81885a00_0 .var "contador", 2 0;
v000001ef81886360_0 .var "estado_actual", 0 0;
S_000001ef81873d10 .scope module, "desce" "deco_7seg" 3 144, 5 1 0, S_000001ef818864c0;
 .timescale 0 0;
    .port_info 0 /INPUT 4 "num";
    .port_info 1 /OUTPUT 7 "seg_out";
v000001ef81885fa0_0 .net "num", 3 0, v000001ef81885640_0;  alias, 1 drivers
v000001ef818855a0_0 .var "seg_out", 6 0;
E_000001ef818636f0 .event anyedge, v000001ef81885fa0_0;
S_000001ef81873ea0 .scope module, "mi_conversor" "double" 3 132, 6 1 0, S_000001ef818864c0;
 .timescale 0 0;
    .port_info 0 /INPUT 6 "bin";
    .port_info 1 /OUTPUT 4 "decenas";
    .port_info 2 /OUTPUT 4 "unidades";
v000001ef81885e60_0 .net "bin", 5 0, v000001ef818e2910_0;  alias, 1 drivers
v000001ef81886180_0 .var "caja", 13 0;
v000001ef81885640_0 .var "decenas", 3 0;
v000001ef81885c80_0 .var "unidades", 3 0;
E_000001ef818637b0 .event anyedge, v000001ef81885e60_0, v000001ef81886180_0;
S_000001ef81863fb0 .scope module, "unid" "deco_7seg" 3 138, 5 1 0, S_000001ef818864c0;
 .timescale 0 0;
    .port_info 0 /INPUT 4 "num";
    .port_info 1 /OUTPUT 7 "seg_out";
v000001ef81886220_0 .net "num", 3 0, v000001ef81885c80_0;  alias, 1 drivers
v000001ef81885960_0 .var "seg_out", 6 0;
E_000001ef81863570 .event anyedge, v000001ef81885c80_0;
    .scope S_000001ef81873ea0;
T_0 ;
    %wait E_000001ef818637b0;
    %pushi/vec4 0, 0, 4;
    %concati/vec4 0, 0, 4;
    %load/vec4 v000001ef81885e60_0;
    %concat/vec4; draw_concat_vec4
    %store/vec4 v000001ef81886180_0, 0, 14;
    %load/vec4 v000001ef81886180_0;
    %parti/s 4, 6, 4;
    %pad/u 32;
    %cmpi/u 5, 0, 32;
    %flag_inv 5; GE is !LT
    %jmp/0xz  T_0.0, 5;
    %load/vec4 v000001ef81886180_0;
    %parti/s 4, 6, 4;
    %addi 3, 0, 4;
    %ix/load 4, 6, 0;
    %flag_set/imm 4, 0;
    %store/vec4 v000001ef81886180_0, 4, 4;
T_0.0 ;
    %load/vec4 v000001ef81886180_0;
    %parti/s 4, 10, 5;
    %pad/u 32;
    %cmpi/u 5, 0, 32;
    %flag_inv 5; GE is !LT
    %jmp/0xz  T_0.2, 5;
    %load/vec4 v000001ef81886180_0;
    %parti/s 4, 10, 5;
    %addi 3, 0, 4;
    %ix/load 4, 10, 0;
    %flag_set/imm 4, 0;
    %store/vec4 v000001ef81886180_0, 4, 4;
T_0.2 ;
    %load/vec4 v000001ef81886180_0;
    %ix/load 4, 1, 0;
    %flag_set/imm 4, 0;
    %shiftl 4;
    %store/vec4 v000001ef81886180_0, 0, 14;
    %load/vec4 v000001ef81886180_0;
    %parti/s 4, 6, 4;
    %pad/u 32;
    %cmpi/u 5, 0, 32;
    %flag_inv 5; GE is !LT
    %jmp/0xz  T_0.4, 5;
    %load/vec4 v000001ef81886180_0;
    %parti/s 4, 6, 4;
    %addi 3, 0, 4;
    %ix/load 4, 6, 0;
    %flag_set/imm 4, 0;
    %store/vec4 v000001ef81886180_0, 4, 4;
T_0.4 ;
    %load/vec4 v000001ef81886180_0;
    %parti/s 4, 10, 5;
    %pad/u 32;
    %cmpi/u 5, 0, 32;
    %flag_inv 5; GE is !LT
    %jmp/0xz  T_0.6, 5;
    %load/vec4 v000001ef81886180_0;
    %parti/s 4, 10, 5;
    %addi 3, 0, 4;
    %ix/load 4, 10, 0;
    %flag_set/imm 4, 0;
    %store/vec4 v000001ef81886180_0, 4, 4;
T_0.6 ;
    %load/vec4 v000001ef81886180_0;
    %ix/load 4, 1, 0;
    %flag_set/imm 4, 0;
    %shiftl 4;
    %store/vec4 v000001ef81886180_0, 0, 14;
    %load/vec4 v000001ef81886180_0;
    %parti/s 4, 6, 4;
    %pad/u 32;
    %cmpi/u 5, 0, 32;
    %flag_inv 5; GE is !LT
    %jmp/0xz  T_0.8, 5;
    %load/vec4 v000001ef81886180_0;
    %parti/s 4, 6, 4;
    %addi 3, 0, 4;
    %ix/load 4, 6, 0;
    %flag_set/imm 4, 0;
    %store/vec4 v000001ef81886180_0, 4, 4;
T_0.8 ;
    %load/vec4 v000001ef81886180_0;
    %parti/s 4, 10, 5;
    %pad/u 32;
    %cmpi/u 5, 0, 32;
    %flag_inv 5; GE is !LT
    %jmp/0xz  T_0.10, 5;
    %load/vec4 v000001ef81886180_0;
    %parti/s 4, 10, 5;
    %addi 3, 0, 4;
    %ix/load 4, 10, 0;
    %flag_set/imm 4, 0;
    %store/vec4 v000001ef81886180_0, 4, 4;
T_0.10 ;
    %load/vec4 v000001ef81886180_0;
    %ix/load 4, 1, 0;
    %flag_set/imm 4, 0;
    %shiftl 4;
    %store/vec4 v000001ef81886180_0, 0, 14;
    %load/vec4 v000001ef81886180_0;
    %parti/s 4, 6, 4;
    %pad/u 32;
    %cmpi/u 5, 0, 32;
    %flag_inv 5; GE is !LT
    %jmp/0xz  T_0.12, 5;
    %load/vec4 v000001ef81886180_0;
    %parti/s 4, 6, 4;
    %addi 3, 0, 4;
    %ix/load 4, 6, 0;
    %flag_set/imm 4, 0;
    %store/vec4 v000001ef81886180_0, 4, 4;
T_0.12 ;
    %load/vec4 v000001ef81886180_0;
    %parti/s 4, 10, 5;
    %pad/u 32;
    %cmpi/u 5, 0, 32;
    %flag_inv 5; GE is !LT
    %jmp/0xz  T_0.14, 5;
    %load/vec4 v000001ef81886180_0;
    %parti/s 4, 10, 5;
    %addi 3, 0, 4;
    %ix/load 4, 10, 0;
    %flag_set/imm 4, 0;
    %store/vec4 v000001ef81886180_0, 4, 4;
T_0.14 ;
    %load/vec4 v000001ef81886180_0;
    %ix/load 4, 1, 0;
    %flag_set/imm 4, 0;
    %shiftl 4;
    %store/vec4 v000001ef81886180_0, 0, 14;
    %load/vec4 v000001ef81886180_0;
    %parti/s 4, 6, 4;
    %pad/u 32;
    %cmpi/u 5, 0, 32;
    %flag_inv 5; GE is !LT
    %jmp/0xz  T_0.16, 5;
    %load/vec4 v000001ef81886180_0;
    %parti/s 4, 6, 4;
    %addi 3, 0, 4;
    %ix/load 4, 6, 0;
    %flag_set/imm 4, 0;
    %store/vec4 v000001ef81886180_0, 4, 4;
T_0.16 ;
    %load/vec4 v000001ef81886180_0;
    %parti/s 4, 10, 5;
    %pad/u 32;
    %cmpi/u 5, 0, 32;
    %flag_inv 5; GE is !LT
    %jmp/0xz  T_0.18, 5;
    %load/vec4 v000001ef81886180_0;
    %parti/s 4, 10, 5;
    %addi 3, 0, 4;
    %ix/load 4, 10, 0;
    %flag_set/imm 4, 0;
    %store/vec4 v000001ef81886180_0, 4, 4;
T_0.18 ;
    %load/vec4 v000001ef81886180_0;
    %ix/load 4, 1, 0;
    %flag_set/imm 4, 0;
    %shiftl 4;
    %store/vec4 v000001ef81886180_0, 0, 14;
    %load/vec4 v000001ef81886180_0;
    %parti/s 4, 6, 4;
    %pad/u 32;
    %cmpi/u 5, 0, 32;
    %flag_inv 5; GE is !LT
    %jmp/0xz  T_0.20, 5;
    %load/vec4 v000001ef81886180_0;
    %parti/s 4, 6, 4;
    %addi 3, 0, 4;
    %ix/load 4, 6, 0;
    %flag_set/imm 4, 0;
    %store/vec4 v000001ef81886180_0, 4, 4;
T_0.20 ;
    %load/vec4 v000001ef81886180_0;
    %parti/s 4, 10, 5;
    %pad/u 32;
    %cmpi/u 5, 0, 32;
    %flag_inv 5; GE is !LT
    %jmp/0xz  T_0.22, 5;
    %load/vec4 v000001ef81886180_0;
    %parti/s 4, 10, 5;
    %addi 3, 0, 4;
    %ix/load 4, 10, 0;
    %flag_set/imm 4, 0;
    %store/vec4 v000001ef81886180_0, 4, 4;
T_0.22 ;
    %load/vec4 v000001ef81886180_0;
    %ix/load 4, 1, 0;
    %flag_set/imm 4, 0;
    %shiftl 4;
    %store/vec4 v000001ef81886180_0, 0, 14;
    %load/vec4 v000001ef81886180_0;
    %parti/s 4, 10, 5;
    %store/vec4 v000001ef81885640_0, 0, 4;
    %load/vec4 v000001ef81886180_0;
    %parti/s 4, 6, 4;
    %store/vec4 v000001ef81885c80_0, 0, 4;
    %jmp T_0;
    .thread T_0, $push;
    .scope S_000001ef81863fb0;
T_1 ;
    %wait E_000001ef81863570;
    %load/vec4 v000001ef81886220_0;
    %dup/vec4;
    %pushi/vec4 0, 0, 4;
    %cmp/u;
    %jmp/1 T_1.0, 6;
    %dup/vec4;
    %pushi/vec4 1, 0, 4;
    %cmp/u;
    %jmp/1 T_1.1, 6;
    %dup/vec4;
    %pushi/vec4 2, 0, 4;
    %cmp/u;
    %jmp/1 T_1.2, 6;
    %dup/vec4;
    %pushi/vec4 3, 0, 4;
    %cmp/u;
    %jmp/1 T_1.3, 6;
    %dup/vec4;
    %pushi/vec4 4, 0, 4;
    %cmp/u;
    %jmp/1 T_1.4, 6;
    %dup/vec4;
    %pushi/vec4 5, 0, 4;
    %cmp/u;
    %jmp/1 T_1.5, 6;
    %dup/vec4;
    %pushi/vec4 6, 0, 4;
    %cmp/u;
    %jmp/1 T_1.6, 6;
    %dup/vec4;
    %pushi/vec4 7, 0, 4;
    %cmp/u;
    %jmp/1 T_1.7, 6;
    %dup/vec4;
    %pushi/vec4 8, 0, 4;
    %cmp/u;
    %jmp/1 T_1.8, 6;
    %dup/vec4;
    %pushi/vec4 9, 0, 4;
    %cmp/u;
    %jmp/1 T_1.9, 6;
    %pushi/vec4 127, 0, 7;
    %store/vec4 v000001ef81885960_0, 0, 7;
    %jmp T_1.11;
T_1.0 ;
    %pushi/vec4 64, 0, 7;
    %store/vec4 v000001ef81885960_0, 0, 7;
    %jmp T_1.11;
T_1.1 ;
    %pushi/vec4 121, 0, 7;
    %store/vec4 v000001ef81885960_0, 0, 7;
    %jmp T_1.11;
T_1.2 ;
    %pushi/vec4 36, 0, 7;
    %store/vec4 v000001ef81885960_0, 0, 7;
    %jmp T_1.11;
T_1.3 ;
    %pushi/vec4 48, 0, 7;
    %store/vec4 v000001ef81885960_0, 0, 7;
    %jmp T_1.11;
T_1.4 ;
    %pushi/vec4 25, 0, 7;
    %store/vec4 v000001ef81885960_0, 0, 7;
    %jmp T_1.11;
T_1.5 ;
    %pushi/vec4 18, 0, 7;
    %store/vec4 v000001ef81885960_0, 0, 7;
    %jmp T_1.11;
T_1.6 ;
    %pushi/vec4 2, 0, 7;
    %store/vec4 v000001ef81885960_0, 0, 7;
    %jmp T_1.11;
T_1.7 ;
    %pushi/vec4 120, 0, 7;
    %store/vec4 v000001ef81885960_0, 0, 7;
    %jmp T_1.11;
T_1.8 ;
    %pushi/vec4 0, 0, 7;
    %store/vec4 v000001ef81885960_0, 0, 7;
    %jmp T_1.11;
T_1.9 ;
    %pushi/vec4 16, 0, 7;
    %store/vec4 v000001ef81885960_0, 0, 7;
    %jmp T_1.11;
T_1.11 ;
    %pop/vec4 1;
    %jmp T_1;
    .thread T_1, $push;
    .scope S_000001ef81873d10;
T_2 ;
    %wait E_000001ef818636f0;
    %load/vec4 v000001ef81885fa0_0;
    %dup/vec4;
    %pushi/vec4 0, 0, 4;
    %cmp/u;
    %jmp/1 T_2.0, 6;
    %dup/vec4;
    %pushi/vec4 1, 0, 4;
    %cmp/u;
    %jmp/1 T_2.1, 6;
    %dup/vec4;
    %pushi/vec4 2, 0, 4;
    %cmp/u;
    %jmp/1 T_2.2, 6;
    %dup/vec4;
    %pushi/vec4 3, 0, 4;
    %cmp/u;
    %jmp/1 T_2.3, 6;
    %dup/vec4;
    %pushi/vec4 4, 0, 4;
    %cmp/u;
    %jmp/1 T_2.4, 6;
    %dup/vec4;
    %pushi/vec4 5, 0, 4;
    %cmp/u;
    %jmp/1 T_2.5, 6;
    %dup/vec4;
    %pushi/vec4 6, 0, 4;
    %cmp/u;
    %jmp/1 T_2.6, 6;
    %dup/vec4;
    %pushi/vec4 7, 0, 4;
    %cmp/u;
    %jmp/1 T_2.7, 6;
    %dup/vec4;
    %pushi/vec4 8, 0, 4;
    %cmp/u;
    %jmp/1 T_2.8, 6;
    %dup/vec4;
    %pushi/vec4 9, 0, 4;
    %cmp/u;
    %jmp/1 T_2.9, 6;
    %pushi/vec4 127, 0, 7;
    %store/vec4 v000001ef818855a0_0, 0, 7;
    %jmp T_2.11;
T_2.0 ;
    %pushi/vec4 64, 0, 7;
    %store/vec4 v000001ef818855a0_0, 0, 7;
    %jmp T_2.11;
T_2.1 ;
    %pushi/vec4 121, 0, 7;
    %store/vec4 v000001ef818855a0_0, 0, 7;
    %jmp T_2.11;
T_2.2 ;
    %pushi/vec4 36, 0, 7;
    %store/vec4 v000001ef818855a0_0, 0, 7;
    %jmp T_2.11;
T_2.3 ;
    %pushi/vec4 48, 0, 7;
    %store/vec4 v000001ef818855a0_0, 0, 7;
    %jmp T_2.11;
T_2.4 ;
    %pushi/vec4 25, 0, 7;
    %store/vec4 v000001ef818855a0_0, 0, 7;
    %jmp T_2.11;
T_2.5 ;
    %pushi/vec4 18, 0, 7;
    %store/vec4 v000001ef818855a0_0, 0, 7;
    %jmp T_2.11;
T_2.6 ;
    %pushi/vec4 2, 0, 7;
    %store/vec4 v000001ef818855a0_0, 0, 7;
    %jmp T_2.11;
T_2.7 ;
    %pushi/vec4 120, 0, 7;
    %store/vec4 v000001ef818855a0_0, 0, 7;
    %jmp T_2.11;
T_2.8 ;
    %pushi/vec4 0, 0, 7;
    %store/vec4 v000001ef818855a0_0, 0, 7;
    %jmp T_2.11;
T_2.9 ;
    %pushi/vec4 16, 0, 7;
    %store/vec4 v000001ef818855a0_0, 0, 7;
    %jmp T_2.11;
T_2.11 ;
    %pop/vec4 1;
    %jmp T_2;
    .thread T_2, $push;
    .scope S_000001ef81886650;
T_3 ;
    %pushi/vec4 0, 0, 3;
    %store/vec4 v000001ef818860e0_0, 0, 3;
    %pushi/vec4 0, 0, 1;
    %store/vec4 v000001ef818862c0_0, 0, 1;
    %end;
    .thread T_3;
    .scope S_000001ef81886650;
T_4 ;
    %pushi/vec4 0, 0, 1;
    %store/vec4 v000001ef818858c0_0, 0, 1;
    %end;
    .thread T_4;
    .scope S_000001ef81886650;
T_5 ;
    %wait E_000001ef81862ef0;
    %load/vec4 v000001ef81885f00_0;
    %load/vec4 v000001ef818862c0_0;
    %cmp/ne;
    %jmp/0xz  T_5.0, 4;
    %load/vec4 v000001ef818860e0_0;
    %addi 1, 0, 3;
    %assign/vec4 v000001ef818860e0_0, 0;
    %load/vec4 v000001ef818860e0_0;
    %cmpi/e 7, 0, 3;
    %jmp/0xz  T_5.2, 4;
    %load/vec4 v000001ef81885f00_0;
    %assign/vec4 v000001ef818862c0_0, 0;
    %load/vec4 v000001ef81885f00_0;
    %assign/vec4 v000001ef818858c0_0, 0;
    %pushi/vec4 0, 0, 3;
    %assign/vec4 v000001ef818860e0_0, 0;
T_5.2 ;
    %jmp T_5.1;
T_5.0 ;
    %pushi/vec4 0, 0, 3;
    %assign/vec4 v000001ef818860e0_0, 0;
T_5.1 ;
    %jmp T_5;
    .thread T_5;
    .scope S_000001ef81873b80;
T_6 ;
    %pushi/vec4 0, 0, 3;
    %store/vec4 v000001ef81885a00_0, 0, 3;
    %pushi/vec4 0, 0, 1;
    %store/vec4 v000001ef81886360_0, 0, 1;
    %end;
    .thread T_6;
    .scope S_000001ef81873b80;
T_7 ;
    %pushi/vec4 0, 0, 1;
    %store/vec4 v000001ef81885820_0, 0, 1;
    %end;
    .thread T_7;
    .scope S_000001ef81873b80;
T_8 ;
    %wait E_000001ef81862ef0;
    %load/vec4 v000001ef81885be0_0;
    %load/vec4 v000001ef81886360_0;
    %cmp/ne;
    %jmp/0xz  T_8.0, 4;
    %load/vec4 v000001ef81885a00_0;
    %addi 1, 0, 3;
    %assign/vec4 v000001ef81885a00_0, 0;
    %load/vec4 v000001ef81885a00_0;
    %cmpi/e 7, 0, 3;
    %jmp/0xz  T_8.2, 4;
    %load/vec4 v000001ef81885be0_0;
    %assign/vec4 v000001ef81886360_0, 0;
    %load/vec4 v000001ef81885be0_0;
    %assign/vec4 v000001ef81885820_0, 0;
    %pushi/vec4 0, 0, 3;
    %assign/vec4 v000001ef81885a00_0, 0;
T_8.2 ;
    %jmp T_8.1;
T_8.0 ;
    %pushi/vec4 0, 0, 3;
    %assign/vec4 v000001ef81885a00_0, 0;
T_8.1 ;
    %jmp T_8;
    .thread T_8;
    .scope S_000001ef818864c0;
T_9 ;
    %wait E_000001ef818630b0;
    %load/vec4 v000001ef818e11f0_0;
    %flag_set/vec4 8;
    %jmp/0xz  T_9.0, 8;
    %pushi/vec4 0, 0, 3;
    %assign/vec4 v000001ef818e15b0_0, 0;
    %jmp T_9.1;
T_9.0 ;
    %load/vec4 v000001ef818e2e10_0;
    %assign/vec4 v000001ef818e15b0_0, 0;
T_9.1 ;
    %jmp T_9;
    .thread T_9;
    .scope S_000001ef818864c0;
T_10 ;
    %wait E_000001ef81853420;
    %load/vec4 v000001ef818e15b0_0;
    %dup/vec4;
    %pushi/vec4 0, 0, 3;
    %cmp/u;
    %jmp/1 T_10.0, 6;
    %dup/vec4;
    %pushi/vec4 1, 0, 3;
    %cmp/u;
    %jmp/1 T_10.1, 6;
    %dup/vec4;
    %pushi/vec4 2, 0, 3;
    %cmp/u;
    %jmp/1 T_10.2, 6;
    %dup/vec4;
    %pushi/vec4 3, 0, 3;
    %cmp/u;
    %jmp/1 T_10.3, 6;
    %dup/vec4;
    %pushi/vec4 4, 0, 3;
    %cmp/u;
    %jmp/1 T_10.4, 6;
    %pushi/vec4 0, 0, 3;
    %store/vec4 v000001ef818e2e10_0, 0, 3;
    %jmp T_10.6;
T_10.0 ;
    %load/vec4 v000001ef818e2870_0;
    %flag_set/vec4 8;
    %jmp/0xz  T_10.7, 8;
    %pushi/vec4 1, 0, 3;
    %store/vec4 v000001ef818e2e10_0, 0, 3;
    %jmp T_10.8;
T_10.7 ;
    %pushi/vec4 0, 0, 3;
    %store/vec4 v000001ef818e2e10_0, 0, 3;
T_10.8 ;
    %jmp T_10.6;
T_10.1 ;
    %load/vec4 v000001ef818e25f0_0;
    %flag_set/vec4 8;
    %jmp/0xz  T_10.9, 8;
    %pushi/vec4 2, 0, 3;
    %store/vec4 v000001ef818e2e10_0, 0, 3;
    %jmp T_10.10;
T_10.9 ;
    %pushi/vec4 3, 0, 3;
    %store/vec4 v000001ef818e2e10_0, 0, 3;
T_10.10 ;
    %jmp T_10.6;
T_10.2 ;
    %pushi/vec4 3, 0, 3;
    %store/vec4 v000001ef818e2e10_0, 0, 3;
    %jmp T_10.6;
T_10.3 ;
    %load/vec4 v000001ef818e2550_0;
    %flag_set/vec4 8;
    %jmp/0xz  T_10.11, 8;
    %pushi/vec4 4, 0, 3;
    %store/vec4 v000001ef818e2e10_0, 0, 3;
    %jmp T_10.12;
T_10.11 ;
    %pushi/vec4 1, 0, 3;
    %store/vec4 v000001ef818e2e10_0, 0, 3;
T_10.12 ;
    %jmp T_10.6;
T_10.4 ;
    %pushi/vec4 0, 0, 3;
    %store/vec4 v000001ef818e2e10_0, 0, 3;
    %jmp T_10.6;
T_10.6 ;
    %pop/vec4 1;
    %jmp T_10;
    .thread T_10, $push;
    .scope S_000001ef818864c0;
T_11 ;
    %wait E_000001ef81853360;
    %pushi/vec4 0, 0, 1;
    %store/vec4 v000001ef818e22d0_0, 0, 1;
    %pushi/vec4 0, 0, 1;
    %store/vec4 v000001ef818e13d0_0, 0, 1;
    %pushi/vec4 0, 0, 1;
    %store/vec4 v000001ef818e24b0_0, 0, 1;
    %pushi/vec4 0, 0, 1;
    %store/vec4 v000001ef81885dc0_0, 0, 1;
    %load/vec4 v000001ef818e15b0_0;
    %dup/vec4;
    %pushi/vec4 0, 0, 3;
    %cmp/u;
    %jmp/1 T_11.0, 6;
    %dup/vec4;
    %pushi/vec4 1, 0, 3;
    %cmp/u;
    %jmp/1 T_11.1, 6;
    %dup/vec4;
    %pushi/vec4 2, 0, 3;
    %cmp/u;
    %jmp/1 T_11.2, 6;
    %dup/vec4;
    %pushi/vec4 3, 0, 3;
    %cmp/u;
    %jmp/1 T_11.3, 6;
    %dup/vec4;
    %pushi/vec4 4, 0, 3;
    %cmp/u;
    %jmp/1 T_11.4, 6;
    %jmp T_11.6;
T_11.0 ;
    %pushi/vec4 1, 0, 1;
    %store/vec4 v000001ef818e13d0_0, 0, 1;
    %jmp T_11.6;
T_11.1 ;
    %jmp T_11.6;
T_11.2 ;
    %pushi/vec4 1, 0, 1;
    %store/vec4 v000001ef81885dc0_0, 0, 1;
    %jmp T_11.6;
T_11.3 ;
    %pushi/vec4 1, 0, 1;
    %store/vec4 v000001ef818e24b0_0, 0, 1;
    %jmp T_11.6;
T_11.4 ;
    %pushi/vec4 1, 0, 1;
    %store/vec4 v000001ef818e22d0_0, 0, 1;
    %jmp T_11.6;
T_11.6 ;
    %pop/vec4 1;
    %jmp T_11;
    .thread T_11, $push;
    .scope S_000001ef818864c0;
T_12 ;
    %wait E_000001ef81862ef0;
    %load/vec4 v000001ef818e13d0_0;
    %flag_set/vec4 8;
    %jmp/0xz  T_12.0, 8;
    %pushi/vec4 0, 0, 3;
    %load/vec4 v000001ef818e2a50_0;
    %concat/vec4; draw_concat_vec4
    %assign/vec4 v000001ef81885b40_0, 0;
    %load/vec4 v000001ef818e1470_0;
    %assign/vec4 v000001ef81886400_0, 0;
    %pushi/vec4 0, 0, 6;
    %assign/vec4 v000001ef818e2910_0, 0;
    %jmp T_12.1;
T_12.0 ;
    %load/vec4 v000001ef81885dc0_0;
    %flag_set/vec4 8;
    %jmp/0xz  T_12.2, 8;
    %load/vec4 v000001ef818e2910_0;
    %load/vec4 v000001ef81885b40_0;
    %add;
    %assign/vec4 v000001ef818e2910_0, 0;
    %jmp T_12.3;
T_12.2 ;
    %load/vec4 v000001ef818e24b0_0;
    %flag_set/vec4 8;
    %jmp/0xz  T_12.4, 8;
    %load/vec4 v000001ef81885b40_0;
    %ix/load 4, 1, 0;
    %flag_set/imm 4, 0;
    %shiftl 4;
    %assign/vec4 v000001ef81885b40_0, 0;
    %load/vec4 v000001ef81886400_0;
    %ix/load 4, 1, 0;
    %flag_set/imm 4, 0;
    %shiftr 4;
    %assign/vec4 v000001ef81886400_0, 0;
T_12.4 ;
T_12.3 ;
T_12.1 ;
    %jmp T_12;
    .thread T_12;
    .scope S_000001ef81883030;
T_13 ;
    %delay 1, 0;
    %load/vec4 v000001ef818e2690_0;
    %inv;
    %store/vec4 v000001ef818e2690_0, 0, 1;
    %jmp T_13;
    .thread T_13;
    .scope S_000001ef81883030;
T_14 ;
    %vpi_call 2 34 "$dumpfile", "simulacion_tb.vcd" {0 0 0};
    %vpi_call 2 35 "$dumpvars", 32'sb11111111111111111111111111111111, S_000001ef818864c0 {0 0 0};
    %pushi/vec4 0, 0, 1;
    %store/vec4 v000001ef818e2690_0, 0, 1;
    %pushi/vec4 0, 0, 1;
    %store/vec4 v000001ef818e2cd0_0, 0, 1;
    %pushi/vec4 0, 0, 1;
    %store/vec4 v000001ef818e2230_0, 0, 1;
    %pushi/vec4 0, 0, 3;
    %store/vec4 v000001ef818e2af0_0, 0, 3;
    %pushi/vec4 0, 0, 3;
    %store/vec4 v000001ef818e1650_0, 0, 3;
    %delay 2, 0;
    %pushi/vec4 1, 0, 1;
    %store/vec4 v000001ef818e2cd0_0, 0, 1;
    %delay 2, 0;
    %pushi/vec4 0, 0, 1;
    %store/vec4 v000001ef818e2cd0_0, 0, 1;
    %delay 2, 0;
    %pushi/vec4 0, 0, 32;
    %store/vec4 v000001ef818e10b0_0, 0, 32;
T_14.0 ;
    %load/vec4 v000001ef818e10b0_0;
    %cmpi/s 8, 0, 32;
    %jmp/0xz T_14.1, 5;
    %pushi/vec4 0, 0, 32;
    %store/vec4 v000001ef818e29b0_0, 0, 32;
T_14.2 ;
    %load/vec4 v000001ef818e29b0_0;
    %cmpi/s 8, 0, 32;
    %jmp/0xz T_14.3, 5;
    %load/vec4 v000001ef818e10b0_0;
    %pad/s 3;
    %store/vec4 v000001ef818e2af0_0, 0, 3;
    %load/vec4 v000001ef818e29b0_0;
    %pad/s 3;
    %store/vec4 v000001ef818e1650_0, 0, 3;
    %wait E_000001ef81862ef0;
    %pushi/vec4 1, 0, 1;
    %store/vec4 v000001ef818e2230_0, 0, 1;
    %wait E_000001ef81862ef0;
    %pushi/vec4 0, 0, 1;
    %store/vec4 v000001ef818e2230_0, 0, 1;
T_14.4 ;
    %load/vec4 v000001ef818e1a10_0;
    %pushi/vec4 1, 0, 1;
    %cmp/e;
    %flag_get/vec4 4;
    %cmpi/ne 1, 0, 1;
    %jmp/0xz T_14.5, 6;
    %wait E_000001ef81853320;
    %jmp T_14.4;
T_14.5 ;
    %wait E_000001ef81862ef0;
    %load/vec4 v000001ef818e16f0_0;
    %pad/u 32;
    %load/vec4 v000001ef818e10b0_0;
    %load/vec4 v000001ef818e29b0_0;
    %mul;
    %cmp/ne;
    %jmp/0xz  T_14.6, 6;
    %load/vec4 v000001ef818e10b0_0;
    %load/vec4 v000001ef818e29b0_0;
    %mul;
    %vpi_call 2 69 "$display", "[ERROR] %d x %d = %d | Esperado: %d", v000001ef818e10b0_0, v000001ef818e29b0_0, v000001ef818e16f0_0, S<0,vec4,s32> {1 0 0};
    %jmp T_14.7;
T_14.6 ;
    %vpi_call 2 71 "$display", "[OK]    %d x %d = %d", v000001ef818e10b0_0, v000001ef818e29b0_0, v000001ef818e16f0_0 {0 0 0};
T_14.7 ;
    %load/vec4 v000001ef818e29b0_0;
    %addi 1, 0, 32;
    %store/vec4 v000001ef818e29b0_0, 0, 32;
    %jmp T_14.2;
T_14.3 ;
    %load/vec4 v000001ef818e10b0_0;
    %addi 1, 0, 32;
    %store/vec4 v000001ef818e10b0_0, 0, 32;
    %jmp T_14.0;
T_14.1 ;
    %delay 10, 0;
    %vpi_call 2 77 "$display", "--- SIMULACION FINALIZADA EXITOSAMENTE ---" {0 0 0};
    %vpi_call 2 78 "$finish" {0 0 0};
    %end;
    .thread T_14;
# The file index is used to find the file name in the following table.
:file_names 7;
    "N/A";
    "<interactive>";
    "multiplicadortb.v";
    "./multiplicador.v";
    "./antirrebote.v";
    "./deco_7seg.v";
    "./double.v";
