#! /c/Source/iverilog-install/bin/vvp
:ivl_version "12.0 (devel)" "(s20150603-1110-g18392a46)";
:ivl_delay_selection "TYPICAL";
:vpi_time_precision + 0;
:vpi_module "D:\Universidad\Icarus\iverilog\lib\ivl\system.vpi";
:vpi_module "D:\Universidad\Icarus\iverilog\lib\ivl\vhdl_sys.vpi";
:vpi_module "D:\Universidad\Icarus\iverilog\lib\ivl\vhdl_textio.vpi";
:vpi_module "D:\Universidad\Icarus\iverilog\lib\ivl\v2005_math.vpi";
:vpi_module "D:\Universidad\Icarus\iverilog\lib\ivl\va_math.vpi";
S_0000029d07935f20 .scope module, "sumador4b" "sumador4b" 2 4;
 .timescale 0 0;
    .port_info 0 /INPUT 4 "A_tb";
    .port_info 1 /INPUT 4 "B_tb";
    .port_info 2 /INPUT 1 "Ci_tb";
    .port_info 3 /OUTPUT 4 "S_tb";
    .port_info 4 /OUTPUT 1 "C0_tb";
o0000029d079399c8 .functor BUFZ 4, C4<zzzz>; HiZ drive
v0000029d079898a0_0 .net "A_tb", 3 0, o0000029d079399c8;  0 drivers
o0000029d079399f8 .functor BUFZ 4, C4<zzzz>; HiZ drive
v0000029d07988e00_0 .net "B_tb", 3 0, o0000029d079399f8;  0 drivers
v0000029d07989da0_0 .net "C0_tb", 0 0, L_0000029d0798ba00;  1 drivers
v0000029d07988ea0_0 .net "C1", 0 0, L_0000029d0798b220;  1 drivers
v0000029d0798a200_0 .net "C2", 0 0, L_0000029d0798b610;  1 drivers
v0000029d07989120_0 .net "C3", 0 0, L_0000029d0798b140;  1 drivers
o0000029d07939038 .functor BUFZ 1, C4<z>; HiZ drive
v0000029d07989260_0 .net "Ci_tb", 0 0, o0000029d07939038;  0 drivers
v0000029d07989300_0 .net "S_tb", 3 0, L_0000029d07989ee0;  1 drivers
L_0000029d07989a80 .part o0000029d079399c8, 0, 1;
L_0000029d0798a160 .part o0000029d079399f8, 0, 1;
L_0000029d07989580 .part o0000029d079399c8, 1, 1;
L_0000029d079894e0 .part o0000029d079399f8, 1, 1;
L_0000029d07989620 .part o0000029d079399c8, 2, 1;
L_0000029d0798a480 .part o0000029d079399f8, 2, 1;
L_0000029d07989940 .part o0000029d079399c8, 3, 1;
L_0000029d07989e40 .part o0000029d079399f8, 3, 1;
L_0000029d07989ee0 .concat8 [ 1 1 1 1], L_0000029d0792a2a0, L_0000029d0798b0d0, L_0000029d0798bbc0, L_0000029d0798aea0;
S_0000029d079360b0 .scope module, "uut1" "sumador1b" 2 20, 3 1 0, S_0000029d07935f20;
 .timescale 0 0;
    .port_info 0 /INPUT 1 "A";
    .port_info 1 /INPUT 1 "B";
    .port_info 2 /INPUT 1 "Ci";
    .port_info 3 /OUTPUT 1 "S";
    .port_info 4 /OUTPUT 1 "Co";
L_0000029d0792a230 .functor XOR 1, L_0000029d0798a160, o0000029d07939038, C4<0>, C4<0>;
L_0000029d0792a2a0 .functor XOR 1, L_0000029d07989a80, L_0000029d0792a230, C4<0>, C4<0>;
L_0000029d0792a310 .functor OR 1, L_0000029d07989a80, o0000029d07939038, C4<0>, C4<0>;
L_0000029d0792a3f0 .functor AND 1, L_0000029d0798a160, L_0000029d0792a310, C4<1>, C4<1>;
L_0000029d0798b1b0 .functor AND 1, L_0000029d07989a80, o0000029d07939038, C4<1>, C4<1>;
L_0000029d0798b220 .functor OR 1, L_0000029d0792a3f0, L_0000029d0798b1b0, C4<0>, C4<0>;
v0000029d079295a0_0 .net "A", 0 0, L_0000029d07989a80;  1 drivers
v0000029d07929640_0 .net "B", 0 0, L_0000029d0798a160;  1 drivers
v0000029d07929c80_0 .net "Ci", 0 0, o0000029d07939038;  alias, 0 drivers
v0000029d079296e0_0 .net "Co", 0 0, L_0000029d0798b220;  alias, 1 drivers
v0000029d07929780_0 .net "S", 0 0, L_0000029d0792a2a0;  1 drivers
v0000029d07929820_0 .net *"_ivl_0", 0 0, L_0000029d0792a230;  1 drivers
v0000029d07988fe0_0 .net *"_ivl_4", 0 0, L_0000029d0792a310;  1 drivers
v0000029d079893a0_0 .net *"_ivl_6", 0 0, L_0000029d0792a3f0;  1 drivers
v0000029d07989440_0 .net *"_ivl_8", 0 0, L_0000029d0798b1b0;  1 drivers
S_0000029d0798a8c0 .scope module, "uut2" "sumador1b" 2 27, 3 1 0, S_0000029d07935f20;
 .timescale 0 0;
    .port_info 0 /INPUT 1 "A";
    .port_info 1 /INPUT 1 "B";
    .port_info 2 /INPUT 1 "Ci";
    .port_info 3 /OUTPUT 1 "S";
    .port_info 4 /OUTPUT 1 "Co";
L_0000029d0798b920 .functor XOR 1, L_0000029d079894e0, L_0000029d0798b220, C4<0>, C4<0>;
L_0000029d0798b0d0 .functor XOR 1, L_0000029d07989580, L_0000029d0798b920, C4<0>, C4<0>;
L_0000029d0798bca0 .functor OR 1, L_0000029d07989580, L_0000029d0798b220, C4<0>, C4<0>;
L_0000029d0798b990 .functor AND 1, L_0000029d079894e0, L_0000029d0798bca0, C4<1>, C4<1>;
L_0000029d0798adc0 .functor AND 1, L_0000029d07989580, L_0000029d0798b220, C4<1>, C4<1>;
L_0000029d0798b610 .functor OR 1, L_0000029d0798b990, L_0000029d0798adc0, C4<0>, C4<0>;
v0000029d0798a660_0 .net "A", 0 0, L_0000029d07989580;  1 drivers
v0000029d07989b20_0 .net "B", 0 0, L_0000029d079894e0;  1 drivers
v0000029d079896c0_0 .net "Ci", 0 0, L_0000029d0798b220;  alias, 1 drivers
v0000029d0798a520_0 .net "Co", 0 0, L_0000029d0798b610;  alias, 1 drivers
v0000029d079889a0_0 .net "S", 0 0, L_0000029d0798b0d0;  1 drivers
v0000029d07988f40_0 .net *"_ivl_0", 0 0, L_0000029d0798b920;  1 drivers
v0000029d07989f80_0 .net *"_ivl_4", 0 0, L_0000029d0798bca0;  1 drivers
v0000029d0798a5c0_0 .net *"_ivl_6", 0 0, L_0000029d0798b990;  1 drivers
v0000029d07989080_0 .net *"_ivl_8", 0 0, L_0000029d0798adc0;  1 drivers
S_0000029d0798aa50 .scope module, "uut3" "sumador1b" 2 35, 3 1 0, S_0000029d07935f20;
 .timescale 0 0;
    .port_info 0 /INPUT 1 "A";
    .port_info 1 /INPUT 1 "B";
    .port_info 2 /INPUT 1 "Ci";
    .port_info 3 /OUTPUT 1 "S";
    .port_info 4 /OUTPUT 1 "Co";
L_0000029d0798b450 .functor XOR 1, L_0000029d0798a480, L_0000029d0798b610, C4<0>, C4<0>;
L_0000029d0798bbc0 .functor XOR 1, L_0000029d07989620, L_0000029d0798b450, C4<0>, C4<0>;
L_0000029d0798b4c0 .functor OR 1, L_0000029d07989620, L_0000029d0798b610, C4<0>, C4<0>;
L_0000029d0798bb50 .functor AND 1, L_0000029d0798a480, L_0000029d0798b4c0, C4<1>, C4<1>;
L_0000029d0798ae30 .functor AND 1, L_0000029d07989620, L_0000029d0798b610, C4<1>, C4<1>;
L_0000029d0798b140 .functor OR 1, L_0000029d0798bb50, L_0000029d0798ae30, C4<0>, C4<0>;
v0000029d0798a020_0 .net "A", 0 0, L_0000029d07989620;  1 drivers
v0000029d07989760_0 .net "B", 0 0, L_0000029d0798a480;  1 drivers
v0000029d07989bc0_0 .net "Ci", 0 0, L_0000029d0798b610;  alias, 1 drivers
v0000029d0798a7a0_0 .net "Co", 0 0, L_0000029d0798b140;  alias, 1 drivers
v0000029d07988b80_0 .net "S", 0 0, L_0000029d0798bbc0;  1 drivers
v0000029d079891c0_0 .net *"_ivl_0", 0 0, L_0000029d0798b450;  1 drivers
v0000029d0798a0c0_0 .net *"_ivl_4", 0 0, L_0000029d0798b4c0;  1 drivers
v0000029d0798a700_0 .net *"_ivl_6", 0 0, L_0000029d0798bb50;  1 drivers
v0000029d07988c20_0 .net *"_ivl_8", 0 0, L_0000029d0798ae30;  1 drivers
S_0000029d0798abe0 .scope module, "uut4" "sumador1b" 2 42, 3 1 0, S_0000029d07935f20;
 .timescale 0 0;
    .port_info 0 /INPUT 1 "A";
    .port_info 1 /INPUT 1 "B";
    .port_info 2 /INPUT 1 "Ci";
    .port_info 3 /OUTPUT 1 "S";
    .port_info 4 /OUTPUT 1 "Co";
L_0000029d0798b290 .functor XOR 1, L_0000029d07989e40, L_0000029d0798b140, C4<0>, C4<0>;
L_0000029d0798aea0 .functor XOR 1, L_0000029d07989940, L_0000029d0798b290, C4<0>, C4<0>;
L_0000029d0798b8b0 .functor OR 1, L_0000029d07989940, L_0000029d0798b140, C4<0>, C4<0>;
L_0000029d0798bc30 .functor AND 1, L_0000029d07989e40, L_0000029d0798b8b0, C4<1>, C4<1>;
L_0000029d0798bae0 .functor AND 1, L_0000029d07989940, L_0000029d0798b140, C4<1>, C4<1>;
L_0000029d0798ba00 .functor OR 1, L_0000029d0798bc30, L_0000029d0798bae0, C4<0>, C4<0>;
v0000029d07989c60_0 .net "A", 0 0, L_0000029d07989940;  1 drivers
v0000029d07988cc0_0 .net "B", 0 0, L_0000029d07989e40;  1 drivers
v0000029d07989800_0 .net "Ci", 0 0, L_0000029d0798b140;  alias, 1 drivers
v0000029d079899e0_0 .net "Co", 0 0, L_0000029d0798ba00;  alias, 1 drivers
v0000029d07989d00_0 .net "S", 0 0, L_0000029d0798aea0;  1 drivers
v0000029d07988900_0 .net *"_ivl_0", 0 0, L_0000029d0798b290;  1 drivers
v0000029d07988a40_0 .net *"_ivl_4", 0 0, L_0000029d0798b8b0;  1 drivers
v0000029d07988ae0_0 .net *"_ivl_6", 0 0, L_0000029d0798bc30;  1 drivers
v0000029d07988d60_0 .net *"_ivl_8", 0 0, L_0000029d0798bae0;  1 drivers
# The file index is used to find the file name in the following table.
:file_names 4;
    "N/A";
    "<interactive>";
    "conta4bits.v";
    "./conta.v";
